// Vitest Snapshot v1, https://vitest.dev/guide/snapshot.html

exports[`Mnemonic > should render the "Mnemonic" component in the authenticate state 1`] = `
<div>
  <div
    class="dusk-mnemonic"
  >
    <ol
      class="dusk-words"
    >
      <li
        class="dusk-words__word"
      >
        _____
      </li>
      <li
        class="dusk-words__word"
      >
        _____
      </li>
      <li
        class="dusk-words__word"
      >
        _____
      </li>
      <li
        class="dusk-words__word"
      >
        _____
      </li>
      <li
        class="dusk-words__word"
      >
        _____
      </li>
      <li
        class="dusk-words__word"
      >
        _____
      </li>
      <li
        class="dusk-words__word"
      >
        _____
      </li>
      <li
        class="dusk-words__word"
      >
        _____
      </li>
      <li
        class="dusk-words__word"
      >
        _____
      </li>
      <li
        class="dusk-words__word"
      >
        _____
      </li>
      <li
        class="dusk-words__word"
      >
        _____
      </li>
      <li
        class="dusk-words__word"
      >
        _____
      </li>
    </ol>
    <!--&lt;Words&gt;-->
     
    <div
      class="dusk-mnemonic__authenticate-actions-wrapper"
    >
      <input
        class="dusk-textbox dusk-textbox-text"
        maxlength="8"
        placeholder="Enter word 1"
        type="text"
      />
      
      <!--&lt;Textbox&gt;-->
       
      
    </div>
  </div>
  <!--&lt;Mnemonic&gt;-->
</div>
`;

exports[`Mnemonic > should render the "Mnemonic" component in the validate state 1`] = `
<div>
  <div
    class="dusk-mnemonic"
  >
    <ol
      class="dusk-words"
    >
      <li
        class="dusk-words__word"
      >
        _____
      </li>
      <li
        class="dusk-words__word"
      >
        _____
      </li>
      <li
        class="dusk-words__word"
      >
        _____
      </li>
      <li
        class="dusk-words__word"
      >
        _____
      </li>
      <li
        class="dusk-words__word"
      >
        _____
      </li>
      <li
        class="dusk-words__word"
      >
        _____
      </li>
      <li
        class="dusk-words__word"
      >
        _____
      </li>
      <li
        class="dusk-words__word"
      >
        _____
      </li>
      <li
        class="dusk-words__word"
      >
        _____
      </li>
      <li
        class="dusk-words__word"
      >
        _____
      </li>
      <li
        class="dusk-words__word"
      >
        _____
      </li>
      <li
        class="dusk-words__word"
      >
        _____
      </li>
    </ol>
    <!--&lt;Words&gt;-->
     
    <div
      class="dusk-mnemonic__validate-actions-wrapper"
    >
      
      <button
        class="dusk-button dusk-button--type--button dusk-button--variant--tertiary dusk-button--size--normal"
        data-value="serendipity"
        type="button"
      >
        <span
          class="dusk-button__text"
        >
          serendipity
        </span>
      </button>
      <!--&lt;Button&gt;-->
      
      <button
        class="dusk-button dusk-button--type--button dusk-button--variant--tertiary dusk-button--size--normal"
        data-value="quixotic"
        type="button"
      >
        <span
          class="dusk-button__text"
        >
          quixotic
        </span>
      </button>
      <!--&lt;Button&gt;-->
      
      <button
        class="dusk-button dusk-button--type--button dusk-button--variant--tertiary dusk-button--size--normal"
        data-value="mellifluous"
        type="button"
      >
        <span
          class="dusk-button__text"
        >
          mellifluous
        </span>
      </button>
      <!--&lt;Button&gt;-->
      
      <button
        class="dusk-button dusk-button--type--button dusk-button--variant--tertiary dusk-button--size--normal"
        data-value="resplendent"
        type="button"
      >
        <span
          class="dusk-button__text"
        >
          resplendent
        </span>
      </button>
      <!--&lt;Button&gt;-->
      
      <button
        class="dusk-button dusk-button--type--button dusk-button--variant--tertiary dusk-button--size--normal"
        data-value="nebulous"
        type="button"
      >
        <span
          class="dusk-button__text"
        >
          nebulous
        </span>
      </button>
      <!--&lt;Button&gt;-->
      
      <button
        class="dusk-button dusk-button--type--button dusk-button--variant--tertiary dusk-button--size--normal"
        data-value="jubilant"
        type="button"
      >
        <span
          class="dusk-button__text"
        >
          jubilant
        </span>
      </button>
      <!--&lt;Button&gt;-->
      
      <button
        class="dusk-button dusk-button--type--button dusk-button--variant--tertiary dusk-button--size--normal"
        data-value="capricious"
        type="button"
      >
        <span
          class="dusk-button__text"
        >
          capricious
        </span>
      </button>
      <!--&lt;Button&gt;-->
      
      <button
        class="dusk-button dusk-button--type--button dusk-button--variant--tertiary dusk-button--size--normal"
        data-value="pernicious"
        type="button"
      >
        <span
          class="dusk-button__text"
        >
          pernicious
        </span>
      </button>
      <!--&lt;Button&gt;-->
      
      <button
        class="dusk-button dusk-button--type--button dusk-button--variant--tertiary dusk-button--size--normal"
        data-value="ephemeral"
        type="button"
      >
        <span
          class="dusk-button__text"
        >
          ephemeral
        </span>
      </button>
      <!--&lt;Button&gt;-->
      
      <button
        class="dusk-button dusk-button--type--button dusk-button--variant--tertiary dusk-button--size--normal"
        data-value="ineffable"
        type="button"
      >
        <span
          class="dusk-button__text"
        >
          ineffable
        </span>
      </button>
      <!--&lt;Button&gt;-->
      
      <button
        class="dusk-button dusk-button--type--button dusk-button--variant--tertiary dusk-button--size--normal"
        data-value="mellifluous"
        type="button"
      >
        <span
          class="dusk-button__text"
        >
          mellifluous
        </span>
      </button>
      <!--&lt;Button&gt;-->
      
      <button
        class="dusk-button dusk-button--type--button dusk-button--variant--tertiary dusk-button--size--normal"
        data-value="effervescent"
        type="button"
      >
        <span
          class="dusk-button__text"
        >
          effervescent
        </span>
      </button>
      <!--&lt;Button&gt;-->
      
    </div>
  </div>
  <!--&lt;Mnemonic&gt;-->
</div>
`;
