// Vitest Snapshot v1, https://vitest.dev/guide/snapshot.html

exports[`KeyPicker > renders the KeyPicker component 1`] = `
<div>
   
  <div
    class="key-picker s-B6pEkAX6Ufmn"
  >
    <div
      aria-expanded="false"
      aria-haspopup="true"
      class="key-picker__trigger s-B6pEkAX6Ufmn"
      role="button"
      tabindex="0"
    >
      <div
        class="dusk-icon--circular"
        style=""
      >
        <svg
          class="dusk-icon dusk-icon--size--large"
          role="graphics-symbol"
          viewBox="0 0 24 24"
        >
          <path
            d="M21 18H15V15H13.3C12.2 17.4 9.7 19 7 19C3.1 19 0 15.9 0 12S3.1 5 7 5C9.7 5 12.2 6.6 13.3 9H24V15H21V18M17 16H19V13H22V11H11.9L11.7 10.3C11 8.3 9.1 7 7 7C4.2 7 2 9.2 2 12S4.2 17 7 17C9.1 17 11 15.7 11.7 13.7L11.9 13H17V16M7 15C5.3 15 4 13.7 4 12S5.3 9 7 9 10 10.3 10 12 8.7 15 7 15M7 11C6.4 11 6 11.4 6 12S6.4 13 7 13 8 12.6 8 12 7.6 11 7 11Z"
          />
        </svg>
        
        <!--&lt;Icon&gt;-->
      </div>
      <!--&lt;CircularIcon&gt;-->
       
      <p
        class="key-picker__current-key s-B6pEkAX6Ufmn"
      >
        2087290d3dc213d43e493f03f5435f99
      </p>
       
      <svg
        class="dusk-icon dusk-icon--size--large"
        role="graphics-symbol"
        viewBox="0 0 24 24"
      >
        <path
          d="M22 12C22 6.5 17.5 2 12 2S2 6.5 2 12 6.5 22 12 22 22 17.5 22 12M15 6.5L18.5 10L15 13.5V11H11V9H15V6.5M9 17.5L5.5 14L9 10.5V13H13V15H9V17.5Z"
        />
      </svg>
      
      <!--&lt;Icon&gt;-->
    </div>
     
  </div>
  <!--&lt;KeyPicker&gt;-->
</div>
`;
